=== CURRENT e2e FILES ===
total 80
drwxr-xr-x  2 runner runner  4096 Jul 26 01:50 .
drwxr-xr-x 10 runner runner  4096 Jul 26 01:50 ..
-rw-r--r--  1 runner runner  4428 Jul 26 01:50 01-auth.spec.js
-rw-r--r--  1 runner runner 13487 Jul 26 01:50 02-chart.spec.js
-rw-r--r--  1 runner runner  2851 Jul 26 01:50 03-match.spec.js
-rw-r--r--  1 runner runner  2685 Jul 26 01:50 04-horoscope.spec.js
-rw-r--r--  1 runner runner  3485 Jul 26 01:50 05-deployment.spec.js
-rw-r--r--  1 runner runner  5636 Jul 26 01:50 06-match-10.spec.js
-rw-r--r--  1 runner runner  8626 Jul 26 01:50 functional-test.spec.js
-rw-r--r--  1 runner runner  2685 Jul 26 01:50 helpers.js
-rw-r--r--  1 runner runner  3335 Jul 26 01:50 screenshot.spec.js
-rw-r--r--  1 runner runner  6794 Jul 26 01:50 tab-screenshots.spec.js

=== BUILD OUTPUT ===
 [2m491[0m |     '--w-tx2':theme.tx2,'--w-acc':theme.acc,'--w-gold':theme.gold,'--w-bd':theme.bd,
 [2m492[0m |   } as React.CSSProperties
 [2m493[0m | 
 [2m494[0m |   const moon=moonIdx!==null?MOON_SIGNS[moonIdx]:null
 [2m495[0m |   const compat=m1!==null&&m2!==null?getCompat(m1,m2):null
 [2m496[0m |   const ms1=m1!==null?MOON_SIGNS[m1]:null
 [2m497[0m |   const ms2=m2!==null?MOON_SIGNS[m2]:null
 [2m498[0m | 
 [2m499[0m |   const generateChart=async()=>{
 [2m500[0m |     if(!chartDay||!chartMon||!chartYr){setChartErr('Enter date of birth');return}
 [2m501[0m |     setChartLoading(true);setChartErr('');setChartResult(null)
 [2m502[0m |     try{
 [2m503[0m |       const CHART_URL='https://enchanting-dedication-production.up.railway.app'
 [2m504[0m |       // Convert 12hr to 24hr
 [2m505[0m |       let hr24=chartHr||12
 [2m506[0m |       if(chartAp==='PM'&&hr24!==12) hr24+=12
 [2m507[0m |       if(chartAp==='AM'&&hr24===12) hr24=0
 [2m508[0m |       const payload={
 [2m509[0m |         PersonName:chartName||'Guest',
 [2m510[0m |         Year:chartYr,Month:chartMon,Day:chartDay,
 [2m511[0m |         Hour:hr24,Minute:chartMi,Second:0,
 [2m512[0m |         PlaceName:chartPlace||'Chennai, India',
 [2m513[0m |         UtcOffsetHours:5.5,AyanamsaType:'Lahiri',
 [2m514[0m |       }
 [2m515[0m |       // Geocode if place entered
 [2m516[0m |       if(chartPlace){
 [2m517[0m |         try{
 [2m518[0m |           const geo=await fetch(`https://photon.komoot.io/api/?q=${encodeURIComponent(chartPlace)}&limit=1&lang=en`).then(r=>r.json())
 [2m519[0m |           const f=geo?.features?.[0]
 [2m520[0m |           if(f){(payload as any).Latitude=f.geometry.coordinates[1];(payload as any).Longitude=f.geometry.coordinates[0]}
 [2m521[0m |         }catch{}
 [2m522[0m |       }
 [2m523[0m |       const res=await fetch(`${CHART_URL}/api/chart/guest`,{
 [2m524[0m |         method:'POST',headers:{'Content-Type':'application/json'},
 [2m525[0m |         body:JSON.stringify(payload)
 [2m526[0m |       }).then(r=>r.json())
 [2m527[0m |       const data=res?.data?.data??res?.data??res
 [2m528[0m |       if(data?.ascendantName||data?.AscendantName){
 [2m529[0m |         setChartResult(data)
 [2m530[0m |       }else{
 [2m531[0m |         setChartErr(res?.message||res?.data?.message||'Chart calculation failed')
 [2m532[0m |       }
 [2m533[0m |     }catch(e:any){setChartErr(e?.message||'Connection failed')}
 [2m534[0m |     setChartLoading(false)
 [2m535[0m |   }
 [2m536[0m | 
 [2m537[0m |   // Load saved charts when logged in
 [2m538[0m |   const { token } = useStore()
     : [33;1m          ^^|^^[0m
     :             [33;1m`-- [33;1m`token` redefined here[0m[0m
 [2m539[0m |   useEffect(() => {
 [2m540[0m |     if (token) {
 [2m541[0m |       listCharts().then(res => {
     `----

Import trace for requested module:
./src/app/western/page.tsx


> Build failed because of webpack errors
